[CMD] pytest -m "nonzero" --record json --output accuracy_nonzero.json --ref cpu --continue-on-collection-errors -vs
[CWD] /workspace/FlagGems/tests

XCCL /root/miniconda/envs/python310_torch25_cuda/lib/python3.10/site-packages/torch_xmlir/libbkcl.so loaded
[35mSYMBOL_REWRITE [0m[32mtorch success[0m
XCCL /root/miniconda/envs/python310_torch25_cuda/lib/python3.10/site-packages/torch_xmlir/libbkcl.so loaded
XX: (pid 853190,tid 139720833766592)cuda/src/cui/hal/kl3/kl3_gpfifo.cc:183:kl3ChannelCheckErrors kl3ChannelCheckErrors failed, error set to 2097866, status= 719
XX: (pid 853190,tid 139720833766592)cuda/src/cui/hal/kl3/kl3_gpfifo.cc:184:kl3ChannelCheckErrors A kernel exception has occurred, please check dmesg for details.
XX: (pid 853190,tid 139720833766592)cuda/src/cui/hal/kl3/kl3_gpfifo.cc:183:kl3ChannelCheckErrors kl3ChannelCheckErrors failed, error set to 2097866, status= 719
XX: (pid 853190,tid 139720833766592)cuda/src/cui/hal/kl3/kl3_gpfifo.cc:184:kl3ChannelCheckErrors A kernel exception has occurred, please check dmesg for details.
XX: (pid 853190,tid 139720833766592)cuda/src/cui/cuistream.cc:1067:cuiStreamSynchronize cuiStreamSynchronize() failed in ctxMarkerWait, Failed to ctxMarkerWait, status= 719
XX: (pid 853190,tid 139720833766592)cuda/src/api/apilaunch.cc:979:cuapi_xpu_wait cuapi_xpu_wait() failed in cuiStreamUserSync, status= 719
XX: (pid 853190,tid 139720833766592)cuda/src/api/apilaunch.cc:967:cuapi_xpu_wait cuapi_xpu_wait() failed in cuiInitCheckEx, status= 719
[35mSYMBOL_REWRITE [0m[32mtorch success[0m
XX: (pid 853190,tid 139720833766592)cuda/src/api/apimem.cc:302:cuapiMemFree_common cuapiMemFree() failed in cuiInitCheckCtx, Incompatible context or Context error, status= 719
Exception ignored in atexit callback: <function _prepare_to_exit at 0x7f106f360160>
Traceback (most recent call last):
  File "/root/miniconda/envs/python310_torch25_cuda/lib/python3.10/site-packages/torch_xmlir/__init__.py", line 144, in _prepare_to_exit
    _XMLIRC._prepare_to_exit()
RuntimeError: CUDA error: unspecified launch failure
CUDA kernel errors might be asynchronously reported at some other API call, so the stacktrace below might be incorrect.
For debugging consider passing CUDA_LAUNCH_BLOCKING=1
Compile with `TORCH_USE_CUDA_DSA` to enable device-side assertions.

XX: (pid 853190,tid 139720833766592)cuda/src/api/apilaunch.cc:967:cuapi_xpu_wait cuapi_xpu_wait() failed in cuiInitCheckEx, status= 719
XX: (pid 853190,tid 139720833766592)cuda/src/api/apimem.cc:302:cuapiMemFree_common cuapiMemFree() failed in cuiInitCheckCtx, Incompatible context or Context error, status= 719
